
分配公共符号
公共符号            大小              文件

idt_ptr             0x6               kernel/global.o
Map                 0x20d             kernel/main.o
inode_table         0xb00             kernel/global.o
task_stack          0x38000           kernel/global.o
k_reenter           0x4               kernel/global.o
gdt                 0x400             kernel/global.o
current_console     0x4               kernel/global.o
pcaller             0x4               kernel/global.o
tty_table           0xc6c             kernel/global.o
tss                 0x68              kernel/global.o
fs_msg              0x30              kernel/global.o
f_desc_table        0x300             kernel/global.o
root_inode          0x4               kernel/global.o
disp_pos            0x4               kernel/global.o
key_pressed         0x4               kernel/global.o
gdt_ptr             0x6               kernel/global.o
idt                 0x800             kernel/global.o
super_block         0x1e0             kernel/global.o
PARTITION_ENTRY     0x10              kernel/hd.o
ticks               0x4               kernel/global.o
console_table       0x3c              kernel/global.o
irq_table           0x40              kernel/global.o
p_proc_ready        0x4               kernel/global.o
proc_table          0xb44             kernel/global.o
Snake               0x189c            kernel/main.o

舍弃的输入节

 .group         0x0000000000000000        0x8 kernel/start.o
 .note.GNU-stack
                0x0000000000000000        0x0 kernel/start.o
 .group         0x0000000000000000        0x8 kernel/main.o
 .group         0x0000000000000000        0x8 kernel/main.o
 .group         0x0000000000000000        0x8 kernel/main.o
 .text.__x86.get_pc_thunk.bx
                0x0000000000000000        0x4 kernel/main.o
 .note.GNU-stack
                0x0000000000000000        0x0 kernel/main.o
 .group         0x0000000000000000        0x8 kernel/clock.o
 .text.__x86.get_pc_thunk.bx
                0x0000000000000000        0x4 kernel/clock.o
 .note.GNU-stack
                0x0000000000000000        0x0 kernel/clock.o
 .group         0x0000000000000000        0x8 kernel/keyboard.o
 .text.__x86.get_pc_thunk.bx
                0x0000000000000000        0x4 kernel/keyboard.o
 .note.GNU-stack
                0x0000000000000000        0x0 kernel/keyboard.o
 .group         0x0000000000000000        0x8 kernel/tty.o
 .group         0x0000000000000000        0x8 kernel/tty.o
 .text.__x86.get_pc_thunk.ax
                0x0000000000000000        0x4 kernel/tty.o
 .text.__x86.get_pc_thunk.bx
                0x0000000000000000        0x4 kernel/tty.o
 .note.GNU-stack
                0x0000000000000000        0x0 kernel/tty.o
 .group         0x0000000000000000        0x8 kernel/console.o
 .group         0x0000000000000000        0x8 kernel/console.o
 .group         0x0000000000000000        0x8 kernel/console.o
 .group         0x0000000000000000        0x8 kernel/console.o
 .text.__x86.get_pc_thunk.ax
                0x0000000000000000        0x4 kernel/console.o
 .text.__x86.get_pc_thunk.dx
                0x0000000000000000        0x4 kernel/console.o
 .text.__x86.get_pc_thunk.bx
                0x0000000000000000        0x4 kernel/console.o
 .note.GNU-stack
                0x0000000000000000        0x0 kernel/console.o
 .group         0x0000000000000000        0x8 kernel/i8259.o
 .text.__x86.get_pc_thunk.bx
                0x0000000000000000        0x4 kernel/i8259.o
 .note.GNU-stack
                0x0000000000000000        0x0 kernel/i8259.o
 .note.GNU-stack
                0x0000000000000000        0x0 kernel/global.o
 .group         0x0000000000000000        0x8 kernel/protect.o
 .group         0x0000000000000000        0x8 kernel/protect.o
 .text.__x86.get_pc_thunk.ax
                0x0000000000000000        0x4 kernel/protect.o
 .text.__x86.get_pc_thunk.bx
                0x0000000000000000        0x4 kernel/protect.o
 .note.GNU-stack
                0x0000000000000000        0x0 kernel/protect.o
 .group         0x0000000000000000        0x8 kernel/proc.o
 .group         0x0000000000000000        0x8 kernel/proc.o
 .group         0x0000000000000000        0x8 kernel/proc.o
 .text.__x86.get_pc_thunk.ax
                0x0000000000000000        0x4 kernel/proc.o
 .text.__x86.get_pc_thunk.dx
                0x0000000000000000        0x4 kernel/proc.o
 .text.__x86.get_pc_thunk.bx
                0x0000000000000000        0x4 kernel/proc.o
 .note.GNU-stack
                0x0000000000000000        0x0 kernel/proc.o
 .group         0x0000000000000000        0x8 kernel/systask.o
 .text.__x86.get_pc_thunk.bx
                0x0000000000000000        0x4 kernel/systask.o
 .note.GNU-stack
                0x0000000000000000        0x0 kernel/systask.o
 .group         0x0000000000000000        0x8 kernel/hd.o
 .group         0x0000000000000000        0x8 kernel/hd.o
 .text.__x86.get_pc_thunk.ax
                0x0000000000000000        0x4 kernel/hd.o
 .text.__x86.get_pc_thunk.bx
                0x0000000000000000        0x4 kernel/hd.o
 .note.GNU-stack
                0x0000000000000000        0x0 kernel/hd.o
 .group         0x0000000000000000        0x8 lib/printf.o
 .text.__x86.get_pc_thunk.bx
                0x0000000000000000        0x4 lib/printf.o
 .note.GNU-stack
                0x0000000000000000        0x0 lib/printf.o
 .group         0x0000000000000000        0x8 lib/vsprintf.o
 .group         0x0000000000000000        0x8 lib/vsprintf.o
 .text.__x86.get_pc_thunk.ax
                0x0000000000000000        0x4 lib/vsprintf.o
 .text.__x86.get_pc_thunk.bx
                0x0000000000000000        0x4 lib/vsprintf.o
 .note.GNU-stack
                0x0000000000000000        0x0 lib/vsprintf.o
 .group         0x0000000000000000        0x8 lib/klib.o
 .group         0x0000000000000000        0x8 lib/klib.o
 .text.__x86.get_pc_thunk.ax
                0x0000000000000000        0x4 lib/klib.o
 .text.__x86.get_pc_thunk.bx
                0x0000000000000000        0x4 lib/klib.o
 .note.GNU-stack
                0x0000000000000000        0x0 lib/klib.o
 .group         0x0000000000000000        0x8 lib/ls.o
 .text.__x86.get_pc_thunk.bx
                0x0000000000000000        0x4 lib/ls.o
 .note.GNU-stack
                0x0000000000000000        0x0 lib/ls.o
 .group         0x0000000000000000        0x8 lib/sl.o
 .text.__x86.get_pc_thunk.bx
                0x0000000000000000        0x4 lib/sl.o
 .note.GNU-stack
                0x0000000000000000        0x0 lib/sl.o
 .group         0x0000000000000000        0x8 lib/misc.o
 .group         0x0000000000000000        0x8 lib/misc.o
 .text.__x86.get_pc_thunk.ax
                0x0000000000000000        0x4 lib/misc.o
 .text.__x86.get_pc_thunk.bx
                0x0000000000000000        0x4 lib/misc.o
 .note.GNU-stack
                0x0000000000000000        0x0 lib/misc.o
 .group         0x0000000000000000        0x8 lib/mkdir.o
 .text.__x86.get_pc_thunk.bx
                0x0000000000000000        0x4 lib/mkdir.o
 .note.GNU-stack
                0x0000000000000000        0x0 lib/mkdir.o
 .group         0x0000000000000000        0x8 lib/open.o
 .text.__x86.get_pc_thunk.bx
                0x0000000000000000        0x4 lib/open.o
 .note.GNU-stack
                0x0000000000000000        0x0 lib/open.o
 .group         0x0000000000000000        0x8 lib/read.o
 .text.__x86.get_pc_thunk.ax
                0x0000000000000000        0x4 lib/read.o
 .note.GNU-stack
                0x0000000000000000        0x0 lib/read.o
 .group         0x0000000000000000        0x8 lib/write.o
 .text.__x86.get_pc_thunk.ax
                0x0000000000000000        0x4 lib/write.o
 .note.GNU-stack
                0x0000000000000000        0x0 lib/write.o
 .group         0x0000000000000000        0x8 lib/close.o
 .text.__x86.get_pc_thunk.ax
                0x0000000000000000        0x4 lib/close.o
 .note.GNU-stack
                0x0000000000000000        0x0 lib/close.o
 .group         0x0000000000000000        0x8 lib/unlink.o
 .text.__x86.get_pc_thunk.bx
                0x0000000000000000        0x4 lib/unlink.o
 .note.GNU-stack
                0x0000000000000000        0x0 lib/unlink.o
 .group         0x0000000000000000        0x8 lib/getpid.o
 .text.__x86.get_pc_thunk.bx
                0x0000000000000000        0x4 lib/getpid.o
 .note.GNU-stack
                0x0000000000000000        0x0 lib/getpid.o
 .group         0x0000000000000000        0x8 lib/syslog.o
 .text.__x86.get_pc_thunk.bx
                0x0000000000000000        0x4 lib/syslog.o
 .note.GNU-stack
                0x0000000000000000        0x0 lib/syslog.o
 .group         0x0000000000000000        0x8 fs/main.o
 .group         0x0000000000000000        0x8 fs/main.o
 .text.__x86.get_pc_thunk.ax
                0x0000000000000000        0x4 fs/main.o
 .text.__x86.get_pc_thunk.bx
                0x0000000000000000        0x4 fs/main.o
 .note.GNU-stack
                0x0000000000000000        0x0 fs/main.o
 .group         0x0000000000000000        0x8 fs/open.o
 .group         0x0000000000000000        0x8 fs/open.o
 .text.__x86.get_pc_thunk.ax
                0x0000000000000000        0x4 fs/open.o
 .text.__x86.get_pc_thunk.bx
                0x0000000000000000        0x4 fs/open.o
 .note.GNU-stack
                0x0000000000000000        0x0 fs/open.o
 .group         0x0000000000000000        0x8 fs/misc.o
 .text.__x86.get_pc_thunk.bx
                0x0000000000000000        0x4 fs/misc.o
 .note.GNU-stack
                0x0000000000000000        0x0 fs/misc.o
 .group         0x0000000000000000        0x8 fs/read_write.o
 .text.__x86.get_pc_thunk.bx
                0x0000000000000000        0x4 fs/read_write.o
 .note.GNU-stack
                0x0000000000000000        0x0 fs/read_write.o
 .group         0x0000000000000000        0x8 fs/link.o
 .text.__x86.get_pc_thunk.bx
                0x0000000000000000        0x4 fs/link.o
 .note.GNU-stack
                0x0000000000000000        0x0 fs/link.o
 .group         0x0000000000000000        0x8 fs/disklog.o
 .text.__x86.get_pc_thunk.bx
                0x0000000000000000        0x4 fs/disklog.o
 .note.GNU-stack
                0x0000000000000000        0x0 fs/disklog.o

内存配置

名称           来源             长度             属性
*default*        0x0000000000000000 0xffffffffffffffff

链结器命令稿和内存映射

节 .text 的地址设置到 0x1000
LOAD kernel/kernel.o
LOAD lib/syscall.o
LOAD kernel/start.o
LOAD kernel/main.o
LOAD kernel/clock.o
LOAD kernel/keyboard.o
LOAD kernel/tty.o
LOAD kernel/console.o
LOAD kernel/i8259.o
LOAD kernel/global.o
LOAD kernel/protect.o
LOAD kernel/proc.o
LOAD kernel/systask.o
LOAD kernel/hd.o
LOAD lib/printf.o
LOAD lib/vsprintf.o
LOAD lib/kliba.o
LOAD lib/klib.o
LOAD lib/string.o
LOAD lib/ls.o
LOAD lib/sl.o
LOAD lib/misc.o
LOAD lib/mkdir.o
LOAD lib/open.o
LOAD lib/read.o
LOAD lib/write.o
LOAD lib/close.o
LOAD lib/unlink.o
LOAD lib/getpid.o
LOAD lib/syslog.o
LOAD fs/main.o
LOAD fs/open.o
LOAD fs/misc.o
LOAD fs/read_write.o
LOAD fs/link.o
LOAD fs/disklog.o
                [!provide]                        PROVIDE (__executable_start, SEGMENT_START ("text-segment", 0x8048000))
                0x0000000008048094                . = (SEGMENT_START ("text-segment", 0x8048000) + SIZEOF_HEADERS)

.interp
 *(.interp)

.note.gnu.build-id
 *(.note.gnu.build-id)

.hash
 *(.hash)

.gnu.hash
 *(.gnu.hash)

.dynsym
 *(.dynsym)

.dynstr
 *(.dynstr)

.gnu.version
 *(.gnu.version)

.gnu.version_d
 *(.gnu.version_d)

.gnu.version_r
 *(.gnu.version_r)

.rel.dyn        0x0000000008048094        0x0
 *(.rel.init)
 *(.rel.text .rel.text.* .rel.gnu.linkonce.t.*)
 .rel.text      0x0000000008048094        0x0 kernel/kernel.o
 *(.rel.fini)
 *(.rel.rodata .rel.rodata.* .rel.gnu.linkonce.r.*)
 *(.rel.data.rel.ro .rel.data.rel.ro.* .rel.gnu.linkonce.d.rel.ro.*)
 *(.rel.data .rel.data.* .rel.gnu.linkonce.d.*)
 *(.rel.tdata .rel.tdata.* .rel.gnu.linkonce.td.*)
 *(.rel.tbss .rel.tbss.* .rel.gnu.linkonce.tb.*)
 *(.rel.ctors)
 *(.rel.dtors)
 *(.rel.got)
 .rel.got       0x0000000008048094        0x0 kernel/kernel.o
 *(.rel.bss .rel.bss.* .rel.gnu.linkonce.b.*)
 *(.rel.ifunc)

.rel.plt        0x0000000008048094        0x0
 *(.rel.plt)
                [!provide]                        PROVIDE (__rel_iplt_start, .)
 *(.rel.iplt)
 .rel.iplt      0x0000000008048094        0x0 kernel/kernel.o
                [!provide]                        PROVIDE (__rel_iplt_end, .)

.init
 *(SORT(.init))

.plt            0x0000000008048098        0x0
 *(.plt)
 *(.iplt)
 .iplt          0x0000000008048098        0x0 kernel/kernel.o

.plt.got
 *(.plt.got)

.plt.sec
 *(.plt.sec)

.text           0x0000000000001000    0x106cf
 *(.text.unlikely .text.*_unlikely .text.unlikely.*)
 *(.text.exit .text.exit.*)
 *(.text.startup .text.startup.*)
 *(.text.hot .text.hot.*)
 *(.text .stub .text.* .gnu.linkonce.t.*)
 .text          0x0000000000001000      0x410 kernel/kernel.o
                0x0000000000001000                _start
                0x0000000000001040                hwint00
                0x0000000000001070                hwint01
                0x00000000000010a0                hwint02
                0x00000000000010d0                hwint03
                0x0000000000001100                hwint04
                0x0000000000001130                hwint05
                0x0000000000001160                hwint06
                0x0000000000001190                hwint07
                0x00000000000011c0                hwint08
                0x00000000000011f0                hwint09
                0x0000000000001220                hwint10
                0x0000000000001250                hwint11
                0x0000000000001280                hwint12
                0x00000000000012b0                hwint13
                0x00000000000012e0                hwint14
                0x0000000000001310                hwint15
                0x0000000000001334                divide_error
                0x000000000000133a                single_step_exception
                0x0000000000001340                nmi
                0x0000000000001346                breakpoint_exception
                0x000000000000134c                overflow
                0x0000000000001352                bounds_check
                0x0000000000001358                inval_opcode
                0x000000000000135e                copr_not_available
                0x0000000000001364                double_fault
                0x0000000000001368                copr_seg_overrun
                0x000000000000136e                inval_tss
                0x0000000000001372                segment_not_present
                0x0000000000001376                stack_exception
                0x000000000000137a                general_protection
                0x000000000000137e                page_fault
                0x0000000000001382                copr_error
                0x00000000000013cb                sys_call
                0x00000000000013eb                restart
 .text          0x0000000000001410       0x28 lib/syscall.o
                0x0000000000001410                sendrec
                0x000000000000142a                printx
 .text          0x0000000000001438       0xc3 kernel/start.o
                0x0000000000001438                cstart
 .text.__x86.get_pc_thunk.bx
                0x00000000000014fb        0x4 kernel/start.o
                0x00000000000014fb                __x86.get_pc_thunk.bx
 .text          0x00000000000014ff     0x34bf kernel/main.o
                0x00000000000014ff                kernel_main
                0x00000000000017ec                get_ticks
                0x000000000000182f                addTwoString
                0x00000000000018d0                shell
                0x0000000000002c3c                TestA
                0x0000000000002c88                TestB
                0x0000000000002cd4                TestC
                0x0000000000002d0f                panic
                0x0000000000002d69                findpass
                0x0000000000002de5                clearArr
                0x0000000000002e18                printAbout
                0x0000000000002eb8                clear
                0x0000000000002f76                doTest
                0x0000000000002fe7                verifyFilePass
                0x000000000000308b                doEncrypt
                0x00000000000032b9                help
                0x000000000000345d                ProcessManage
                0x000000000000359e                animation
                0x0000000000003726                srand
                0x000000000000373f                rand
                0x00000000000037ec                show_mat
                0x00000000000039cf                init_game
                0x0000000000003afc                check
                0x0000000000003ba9                dfs
                0x0000000000003cd9                game
                0x0000000000004008                judgeInpt
                0x0000000000004069                changeToLeft
                0x000000000000409b                changeToDown
                0x00000000000040cd                changeToRight
                0x00000000000040ff                changeToUp
                0x0000000000004131                snakeGame
                0x0000000000004153                initGame
                0x000000000000426a                initFood
                0x00000000000042ff                show
                0x000000000000447b                move
                0x00000000000046e6                checkBorder
                0x0000000000004756                checkHead
                0x00000000000048e7                showGameOver
                0x0000000000004935                showGameSuccess
                0x0000000000004983                sleep
 .text.__x86.get_pc_thunk.ax
                0x00000000000049be        0x4 kernel/main.o
                0x00000000000049be                __x86.get_pc_thunk.ax
 .text.__x86.get_pc_thunk.dx
                0x00000000000049c2        0x4 kernel/main.o
                0x00000000000049c2                __x86.get_pc_thunk.dx
 .text          0x00000000000049c6      0x168 kernel/clock.o
                0x00000000000049c6                clock_handler
                0x0000000000004a7b                milli_delay
                0x0000000000004ac5                init_clock
 .text          0x0000000000004b2e      0x7b5 kernel/keyboard.o
                0x0000000000004b2e                keyboard_handler
                0x0000000000004bb3                init_keyboard
                0x0000000000004c7d                keyboard_read
 .text          0x00000000000052e3      0xad3 kernel/tty.o
                0x00000000000052e3                task_tty
                0x00000000000054ce                in_process
                0x0000000000005a58                sys_printx
                0x0000000000005c20                dump_tty_buf
 .text          0x0000000000005db6      0x889 kernel/console.o
                0x0000000000005db6                init_screen
                0x0000000000005f45                out_char
                0x0000000000006203                clear_screen
                0x0000000000006247                is_current_console
                0x000000000000627a                set_cursor
                0x00000000000062f1                set_video_start_addr
                0x0000000000006368                select_console
                0x00000000000063bb                scroll_screen
                0x00000000000065b6                flush
 .text.__x86.get_pc_thunk.cx
                0x000000000000663f        0x4 kernel/console.o
                0x000000000000663f                __x86.get_pc_thunk.cx
 .text          0x0000000000006643      0x167 kernel/i8259.o
                0x0000000000006643                init_8259A
                0x000000000000672b                spurious_irq
                0x0000000000006775                put_irq_handler
 .text          0x00000000000067aa        0x0 kernel/global.o
 .text          0x00000000000067aa      0x6c7 kernel/protect.o
                0x00000000000067aa                init_prot
                0x0000000000006c47                seg2phys
                0x0000000000006d1a                exception_handler
 .text          0x0000000000006e71     0x1aab kernel/proc.o
                0x0000000000006e71                schedule
                0x0000000000006f2b                sys_sendrec
                0x0000000000007072                send_recv
                0x0000000000007144                ldt_seg_linear
                0x0000000000007198                va2la
                0x0000000000007211                reset_msg
                0x000000000000827d                inform_int
                0x0000000000008444                dump_proc
                0x00000000000087eb                dump_msg
 .text          0x000000000000891c       0x96 kernel/systask.o
                0x000000000000891c                task_sys
 .text          0x00000000000089b2      0xe9f kernel/hd.o
                0x00000000000089b2                task_hd
                0x0000000000009816                hd_handler
 .text          0x0000000000009851       0xd1 lib/printf.o
                0x0000000000009851                printf
                0x00000000000098d1                printl
 .text          0x0000000000009922      0x330 lib/vsprintf.o
                0x0000000000009992                vsprintf
                0x0000000000009c22                sprintf
 *fill*         0x0000000000009c52        0xe 
 .text          0x0000000000009c60      0x19a lib/kliba.o
                0x0000000000009c60                disp_str
                0x0000000000009c9e                disp_color_str
                0x0000000000009cdd                out_byte
                0x0000000000009ce9                in_byte
                0x0000000000009cf3                port_read
                0x0000000000009d06                port_write
                0x0000000000009d19                disable_irq
                0x0000000000009d4e                enable_irq
                0x0000000000009d6d                disable_int
                0x0000000000009d6f                enable_int
                0x0000000000009d71                glitter
 .text          0x0000000000009dfa      0x200 lib/klib.o
                0x0000000000009dfa                itoa
                0x0000000000009eaf                atoi
                0x0000000000009f73                disp_int
                0x0000000000009fa9                delay
 *fill*         0x0000000000009ffa        0x6 
 .text          0x000000000000a000       0x78 lib/string.o
                0x000000000000a000                memcpy
                0x000000000000a029                memset
                0x000000000000a04a                strcpy
                0x000000000000a062                strlen
 .text          0x000000000000a078       0x52 lib/ls.o
                0x000000000000a078                ls
 .text          0x000000000000a0ca     0x23b3 lib/sl.o
                0x000000000000a0ca                sl
 .text          0x000000000000c47d      0x274 lib/misc.o
                0x000000000000c47d                memcmp
                0x000000000000c4fd                strcmp
                0x000000000000c57a                strcat
                0x000000000000c5e3                strstr
                0x000000000000c67b                spin
                0x000000000000c6a5                assertion_failure
 .text          0x000000000000c6f1       0x79 lib/mkdir.o
                0x000000000000c6f1                mkdir
 .text          0x000000000000c76a       0x78 lib/open.o
                0x000000000000c76a                open
 .text          0x000000000000c7e2       0x47 lib/read.o
                0x000000000000c7e2                read
 .text          0x000000000000c829       0x47 lib/write.o
                0x000000000000c829                write
 .text          0x000000000000c870       0x3b lib/close.o
                0x000000000000c870                close
 .text          0x000000000000c8ab       0x4b lib/unlink.o
                0x000000000000c8ab                unlink
 .text          0x000000000000c8f6       0x5b lib/getpid.o
                0x000000000000c8f6                getpid
 .text          0x000000000000c951       0xe8 lib/syslog.o
                0x000000000000c951                syslog
 .text          0x000000000000ca39      0xf7b fs/main.o
                0x000000000000ca39                task_fs
                0x000000000000d414                rw_sector
                0x000000000000d669                get_super_block
                0x000000000000d6cb                get_inode
                0x000000000000d84d                put_inode
                0x000000000000d8a1                sync_inode
 .text          0x000000000000d9b4      0xfb8 fs/open.o
                0x000000000000d9b4                do_open
                0x000000000000df3a                do_close
                0x000000000000dfb2                do_ls
                0x000000000000e206                do_mkdir
                0x000000000000e313                do_lseek
 .text          0x000000000000e96c      0x912 fs/misc.o
                0x000000000000e96c                find_entry
                0x000000000000ead9                search_file
                0x000000000000ec4b                strip_path
                0x000000000000ee4f                isNull
                0x000000000000ef94                find_all_path
 .text          0x000000000000f27e      0x54e fs/read_write.o
                0x000000000000f27e                do_rdwt
 .text          0x000000000000f7cc      0x8c0 fs/link.o
                0x000000000000f7cc                do_unlink
 .text          0x000000000001008c     0x1643 fs/disklog.o
                0x000000000001008c                do_disklog
                0x0000000000010146                disklog
                0x0000000000010681                dump_fd_graph
 *(.gnu.warning)

.fini
 *(SORT(.fini))
                [!provide]                        PROVIDE (__etext, .)
                [!provide]                        PROVIDE (_etext, .)
                [!provide]                        PROVIDE (etext, .)

.rodata         0x00000000000116e0     0x8c5b
 *(.rodata .rodata.* .gnu.linkonce.r.*)
 .rodata        0x00000000000116e0       0x47 kernel/start.o
 *fill*         0x0000000000011727        0x1 
 .rodata        0x0000000000011728     0x12e8 kernel/main.o
                0x0000000000012858                mapH
                0x000000000001285c                mapW
 .rodata        0x0000000000012a10       0x64 kernel/keyboard.o
 .rodata        0x0000000000012a74      0x13c kernel/tty.o
 .rodata        0x0000000000012bb0       0x5b kernel/console.o
 .rodata        0x0000000000012c0b       0x11 kernel/i8259.o
 .rodata        0x0000000000012c1c        0x4 kernel/global.o
                0x0000000000012c1c                FSBUF_SIZE
 .rodata        0x0000000000012c20      0x540 kernel/protect.o
 .rodata        0x0000000000013160      0x62e kernel/proc.o
 .rodata        0x000000000001378e       0x11 kernel/systask.o
 *fill*         0x000000000001379f        0x1 
 .rodata        0x00000000000137a0      0x140 kernel/hd.o
 .rodata        0x00000000000138e0       0x14 lib/printf.o
 .rodata        0x00000000000138f4     0x5c40 lib/sl.o
 .rodata        0x0000000000019534       0x61 lib/misc.o
 .rodata        0x0000000000019595       0x24 lib/mkdir.o
 .rodata        0x00000000000195b9       0x23 lib/open.o
 .rodata        0x00000000000195dc       0x25 lib/getpid.o
 .rodata        0x0000000000019601       0x32 lib/syslog.o
 *fill*         0x0000000000019633        0x1 
 .rodata        0x0000000000019634      0x26e fs/main.o
 *fill*         0x00000000000198a2        0x2 
 .rodata        0x00000000000198a4      0x150 fs/open.o
 .rodata        0x00000000000199f4       0x20 fs/misc.o
 .rodata        0x0000000000019a14      0x164 fs/read_write.o
 .rodata        0x0000000000019b78      0x199 fs/link.o
 *fill*         0x0000000000019d11        0x3 
 .rodata        0x0000000000019d14      0x627 fs/disklog.o

.rodata1
 *(.rodata1)

.eh_frame_hdr
 *(.eh_frame_hdr)
 *(.eh_frame_entry .eh_frame_entry.*)

.eh_frame       0x000000000001a33c     0x17cc
 *(.eh_frame)
 .eh_frame      0x000000000001a33c       0x50 kernel/start.o
 .eh_frame      0x000000000001a38c      0x5bc kernel/main.o
                                        0x5e8 (松开之前的大小)
 .eh_frame      0x000000000001a948       0x6c kernel/clock.o
                                         0x98 (松开之前的大小)
 .eh_frame      0x000000000001a9b4       0xfc kernel/keyboard.o
                                        0x128 (松开之前的大小)
 .eh_frame      0x000000000001aab0      0x15c kernel/tty.o
                                        0x19c (松开之前的大小)
 .eh_frame      0x000000000001ac0c      0x16c kernel/console.o
                                        0x1c0 (松开之前的大小)
 .eh_frame      0x000000000001ad78       0x6c kernel/i8259.o
                                         0x98 (松开之前的大小)
 .eh_frame      0x000000000001ade4       0xb8 kernel/protect.o
                                         0xf8 (松开之前的大小)
 .eh_frame      0x000000000001ae9c      0x20c kernel/proc.o
                                        0x260 (松开之前的大小)
 .eh_frame      0x000000000001b0a8       0x1c kernel/systask.o
                                         0x48 (松开之前的大小)
 .eh_frame      0x000000000001b0c4      0x220 kernel/hd.o
                                        0x260 (松开之前的大小)
 .eh_frame      0x000000000001b2e4       0x48 lib/printf.o
                                         0x74 (松开之前的大小)
 .eh_frame      0x000000000001b32c       0x68 lib/vsprintf.o
                                         0xa8 (松开之前的大小)
 .eh_frame      0x000000000001b394       0x84 lib/klib.o
                                         0xc4 (松开之前的大小)
 .eh_frame      0x000000000001b418       0x24 lib/ls.o
                                         0x50 (松开之前的大小)
 .eh_frame      0x000000000001b43c       0x24 lib/sl.o
                                         0x50 (松开之前的大小)
 .eh_frame      0x000000000001b460       0xc4 lib/misc.o
                                        0x104 (松开之前的大小)
 .eh_frame      0x000000000001b524       0x24 lib/mkdir.o
                                         0x50 (松开之前的大小)
 .eh_frame      0x000000000001b548       0x24 lib/open.o
                                         0x50 (松开之前的大小)
 .eh_frame      0x000000000001b56c       0x24 lib/read.o
                                         0x50 (松开之前的大小)
 .eh_frame      0x000000000001b590       0x24 lib/write.o
                                         0x50 (松开之前的大小)
 .eh_frame      0x000000000001b5b4       0x24 lib/close.o
                                         0x50 (松开之前的大小)
 .eh_frame      0x000000000001b5d8       0x24 lib/unlink.o
                                         0x50 (松开之前的大小)
 .eh_frame      0x000000000001b5fc       0x24 lib/getpid.o
                                         0x50 (松开之前的大小)
 .eh_frame      0x000000000001b620       0x24 lib/syslog.o
                                         0x50 (松开之前的大小)
 .eh_frame      0x000000000001b644      0x150 fs/main.o
                                        0x190 (松开之前的大小)
 .eh_frame      0x000000000001b794      0x1b4 fs/open.o
                                        0x1f4 (松开之前的大小)
 .eh_frame      0x000000000001b948       0xdc fs/misc.o
                                        0x108 (松开之前的大小)
 .eh_frame      0x000000000001ba24       0x30 fs/read_write.o
                                         0x5c (松开之前的大小)
 .eh_frame      0x000000000001ba54       0x30 fs/link.o
                                         0x5c (松开之前的大小)
 .eh_frame      0x000000000001ba84       0x84 fs/disklog.o
                                         0xb0 (松开之前的大小)
 *(.eh_frame.*)

.gcc_except_table
 *(.gcc_except_table .gcc_except_table.*)

.gnu_extab
 *(.gnu_extab*)

.exception_ranges
 *(.exception_ranges .exception_ranges*)
                0x000000000001d000                . = DATA_SEGMENT_ALIGN (CONSTANT (MAXPAGESIZE), CONSTANT (COMMONPAGESIZE))

.eh_frame
 *(.eh_frame)
 *(.eh_frame.*)

.gnu_extab
 *(.gnu_extab)

.gcc_except_table
 *(.gcc_except_table .gcc_except_table.*)

.exception_ranges
 *(.exception_ranges .exception_ranges*)

.tdata
 *(.tdata .tdata.* .gnu.linkonce.td.*)

.tbss
 *(.tbss .tbss.* .gnu.linkonce.tb.*)
 *(.tcommon)

.preinit_array  0x000000000001d000        0x0
                [!provide]                        PROVIDE (__preinit_array_start, .)
 *(.preinit_array)
                [!provide]                        PROVIDE (__preinit_array_end, .)

.init_array     0x000000000001d000        0x0
                [!provide]                        PROVIDE (__init_array_start, .)
 *(SORT(.init_array.*) SORT(.ctors.*))
 *(.init_array EXCLUDE_FILE(*crtend?.o *crtend.o *crtbegin?.o *crtbegin.o) .ctors)
                [!provide]                        PROVIDE (__init_array_end, .)

.fini_array     0x000000000001d000        0x0
                [!provide]                        PROVIDE (__fini_array_start, .)
 *(SORT(.fini_array.*) SORT(.dtors.*))
 *(.fini_array EXCLUDE_FILE(*crtend?.o *crtend.o *crtbegin?.o *crtbegin.o) .dtors)
                [!provide]                        PROVIDE (__fini_array_end, .)

.ctors
 *crtbegin.o(.ctors)
 *crtbegin?.o(.ctors)
 *(EXCLUDE_FILE(*crtend?.o *crtend.o) .ctors)
 *(SORT(.ctors.*))
 *(.ctors)

.dtors
 *crtbegin.o(.dtors)
 *crtbegin?.o(.dtors)
 *(EXCLUDE_FILE(*crtend?.o *crtend.o) .dtors)
 *(SORT(.dtors.*))
 *(.dtors)

.jcr
 *(.jcr)

.data.rel.ro
 *(.data.rel.ro.local* .gnu.linkonce.d.rel.ro.local.*)
 *(.data.rel.ro .data.rel.ro.* .gnu.linkonce.d.rel.ro.*)

.dynamic
 *(.dynamic)

.got            0x000000000001d000        0x0
 *(.got)
 .got           0x000000000001d000        0x0 kernel/kernel.o
 *(.igot)
                0x000000000001dff4                . = DATA_SEGMENT_RELRO_END (., (SIZEOF (.got.plt) >= 0xc)?0xc:0x0)

.got.plt        0x000000000001d000        0xc
 *(.got.plt)
 .got.plt       0x000000000001d000        0xc kernel/kernel.o
                0x000000000001d000                _GLOBAL_OFFSET_TABLE_
 *(.igot.plt)
 .igot.plt      0x000000000001d00c        0x0 kernel/kernel.o

.data           0x000000000001d020      0x864
 *(.data .data.* .gnu.linkonce.d.*)
 .data          0x000000000001d020        0x2 kernel/kernel.o
 .data          0x000000000001d022        0x0 kernel/start.o
 *fill*         0x000000000001d022       0x1e 
 .data          0x000000000001d040       0xc4 kernel/main.o
                0x000000000001d040                _seed2
                0x000000000001d044                sHead
                0x000000000001d045                sBody
                0x000000000001d046                sFood
                0x000000000001d047                sNode
                0x000000000001d060                food
                0x000000000001d0d8                eat
                0x000000000001d0dc                win
                0x000000000001d0e0                sLength
                0x000000000001d0e4                dx
                0x000000000001d0f4                dy
 .data          0x000000000001d104        0x0 kernel/clock.o
 *fill*         0x000000000001d104       0x1c 
 .data          0x000000000001d120      0x600 kernel/keyboard.o
                0x000000000001d120                keymap
 .data          0x000000000001d720       0x22 kernel/tty.o
 .data          0x000000000001d742        0x0 kernel/console.o
 .data          0x000000000001d742        0x0 kernel/i8259.o
 *fill*         0x000000000001d742        0x2 
 .data          0x000000000001d744       0x1c kernel/global.o
                0x000000000001d744                dd_map
                0x000000000001d75c                fsbuf
 .data.rel      0x000000000001d760      0x124 kernel/global.o
                0x000000000001d760                task_table
                0x000000000001d800                user_proc_table
                0x000000000001d878                sys_call_table
 .data          0x000000000001d884        0x0 kernel/protect.o
 .data          0x000000000001d884        0x0 kernel/proc.o
 .data          0x000000000001d884        0x0 kernel/systask.o
 .data          0x000000000001d884        0x0 kernel/hd.o
 .data          0x000000000001d884        0x0 lib/printf.o
 .data          0x000000000001d884        0x0 lib/vsprintf.o
 .data          0x000000000001d884        0x0 lib/klib.o
 .data          0x000000000001d884        0x0 lib/ls.o
 .data          0x000000000001d884        0x0 lib/sl.o
 .data          0x000000000001d884        0x0 lib/misc.o
 .data          0x000000000001d884        0x0 lib/mkdir.o
 .data          0x000000000001d884        0x0 lib/open.o
 .data          0x000000000001d884        0x0 lib/read.o
 .data          0x000000000001d884        0x0 lib/write.o
 .data          0x000000000001d884        0x0 lib/close.o
 .data          0x000000000001d884        0x0 lib/unlink.o
 .data          0x000000000001d884        0x0 lib/getpid.o
 .data          0x000000000001d884        0x0 lib/syslog.o
 .data          0x000000000001d884        0x0 fs/main.o
 .data          0x000000000001d884        0x0 fs/open.o
 .data          0x000000000001d884        0x0 fs/misc.o
 .data          0x000000000001d884        0x0 fs/read_write.o
 .data          0x000000000001d884        0x0 fs/link.o
 .data          0x000000000001d884        0x0 fs/disklog.o

.data1
 *(.data1)
                0x000000000001d884                _edata = .
                [!provide]                        PROVIDE (edata, .)
                0x000000000001d884                . = .
                0x000000000001d884                __bss_start = .

.bss            0x000000000001d8a0    0x3e174
 *(.dynbss)
 *(.bss .bss.* .gnu.linkonce.b.*)
 .bss           0x000000000001d8a0      0x800 kernel/kernel.o
 .bss           0x000000000001e0a0        0x0 kernel/start.o
 .bss           0x000000000001e0a0        0xc kernel/main.o
                0x000000000001e0a0                listenerStart
                0x000000000001e0a4                foodNum
                0x000000000001e0a8                overOrNot
 .bss           0x000000000001e0ac        0x0 kernel/clock.o
 *fill*         0x000000000001e0ac       0x14 
 .bss           0x000000000001e0c0       0x58 kernel/keyboard.o
 .bss           0x000000000001e118        0x0 kernel/tty.o
 .bss           0x000000000001e118        0x0 kernel/console.o
 .bss           0x000000000001e118        0x0 kernel/i8259.o
 .bss           0x000000000001e118        0x0 kernel/global.o
 .bss           0x000000000001e118        0x0 kernel/protect.o
 .bss           0x000000000001e118        0x0 kernel/proc.o
 .bss           0x000000000001e118        0x0 kernel/systask.o
 *fill*         0x000000000001e118        0x8 
 .bss           0x000000000001e120      0x64c kernel/hd.o
 .bss           0x000000000001e76c        0x0 lib/printf.o
 .bss           0x000000000001e76c        0x0 lib/vsprintf.o
 .bss           0x000000000001e76c        0x0 lib/klib.o
 .bss           0x000000000001e76c        0x0 lib/ls.o
 .bss           0x000000000001e76c        0x0 lib/sl.o
 .bss           0x000000000001e76c        0x0 lib/misc.o
 .bss           0x000000000001e76c        0x0 lib/mkdir.o
 .bss           0x000000000001e76c        0x0 lib/open.o
 .bss           0x000000000001e76c        0x0 lib/read.o
 .bss           0x000000000001e76c        0x0 lib/write.o
 .bss           0x000000000001e76c        0x0 lib/close.o
 .bss           0x000000000001e76c        0x0 lib/unlink.o
 .bss           0x000000000001e76c        0x0 lib/getpid.o
 .bss           0x000000000001e76c        0x0 lib/syslog.o
 .bss           0x000000000001e76c        0x0 fs/main.o
 .bss           0x000000000001e76c        0x0 fs/open.o
 .bss           0x000000000001e76c        0x0 fs/misc.o
 .bss           0x000000000001e76c        0x0 fs/read_write.o
 .bss           0x000000000001e76c        0x0 fs/link.o
 *fill*         0x000000000001e76c       0x14 
 .bss           0x000000000001e780      0x208 fs/disklog.o
 *(COMMON)
 *fill*         0x000000000001e988       0x18 
 COMMON         0x000000000001e9a0     0x1abc kernel/main.o
                0x000000000001e9a0                Map
                0x000000000001ebc0                Snake
 *fill*         0x000000000002045c        0x4 
 COMMON         0x0000000000020460    0x3b5a4 kernel/global.o
                0x0000000000020460                idt_ptr
                0x0000000000020480                inode_table
                0x0000000000020f80                task_stack
                0x0000000000058f80                k_reenter
                0x0000000000058fa0                gdt
                0x00000000000593a0                current_console
                0x00000000000593a4                pcaller
                0x00000000000593c0                tty_table
                0x000000000005a040                tss
                0x000000000005a0c0                fs_msg
                0x000000000005a100                f_desc_table
                0x000000000005a400                root_inode
                0x000000000005a404                disp_pos
                0x000000000005a408                key_pressed
                0x000000000005a40c                gdt_ptr
                0x000000000005a420                idt
                0x000000000005ac20                super_block
                0x000000000005ae00                ticks
                0x000000000005ae20                console_table
                0x000000000005ae60                irq_table
                0x000000000005aea0                p_proc_ready
                0x000000000005aec0                proc_table
 COMMON         0x000000000005ba04       0x10 kernel/hd.o
                0x000000000005ba04                PARTITION_ENTRY
                0x000000000005ba14                . = ALIGN ((. != 0x0)?0x4:0x1)
                0x000000000005ba14                . = ALIGN (0x4)
                0x000000000005ba14                . = SEGMENT_START ("ldata-segment", .)
                0x000000000005ba14                . = ALIGN (0x4)
                0x000000000005ba14                _end = .
                [!provide]                        PROVIDE (end, .)
                0x000000000005ba14                . = DATA_SEGMENT_END (.)

.stab
 *(.stab)

.stabstr
 *(.stabstr)

.stab.excl
 *(.stab.excl)

.stab.exclstr
 *(.stab.exclstr)

.stab.index
 *(.stab.index)

.stab.indexstr
 *(.stab.indexstr)

.comment        0x0000000000000000       0x11
 *(.comment)
 .comment       0x0000000000000000       0x11 kernel/start.o
                                         0x12 (松开之前的大小)
 .comment       0x0000000000000011       0x12 kernel/main.o
 .comment       0x0000000000000011       0x12 kernel/clock.o
 .comment       0x0000000000000011       0x12 kernel/keyboard.o
 .comment       0x0000000000000011       0x12 kernel/tty.o
 .comment       0x0000000000000011       0x12 kernel/console.o
 .comment       0x0000000000000011       0x12 kernel/i8259.o
 .comment       0x0000000000000011       0x12 kernel/global.o
 .comment       0x0000000000000011       0x12 kernel/protect.o
 .comment       0x0000000000000011       0x12 kernel/proc.o
 .comment       0x0000000000000011       0x12 kernel/systask.o
 .comment       0x0000000000000011       0x12 kernel/hd.o
 .comment       0x0000000000000011       0x12 lib/printf.o
 .comment       0x0000000000000011       0x12 lib/vsprintf.o
 .comment       0x0000000000000011       0x12 lib/klib.o
 .comment       0x0000000000000011       0x12 lib/ls.o
 .comment       0x0000000000000011       0x12 lib/sl.o
 .comment       0x0000000000000011       0x12 lib/misc.o
 .comment       0x0000000000000011       0x12 lib/mkdir.o
 .comment       0x0000000000000011       0x12 lib/open.o
 .comment       0x0000000000000011       0x12 lib/read.o
 .comment       0x0000000000000011       0x12 lib/write.o
 .comment       0x0000000000000011       0x12 lib/close.o
 .comment       0x0000000000000011       0x12 lib/unlink.o
 .comment       0x0000000000000011       0x12 lib/getpid.o
 .comment       0x0000000000000011       0x12 lib/syslog.o
 .comment       0x0000000000000011       0x12 fs/main.o
 .comment       0x0000000000000011       0x12 fs/open.o
 .comment       0x0000000000000011       0x12 fs/misc.o
 .comment       0x0000000000000011       0x12 fs/read_write.o
 .comment       0x0000000000000011       0x12 fs/link.o
 .comment       0x0000000000000011       0x12 fs/disklog.o

.debug
 *(.debug)

.line
 *(.line)

.debug_srcinfo
 *(.debug_srcinfo)

.debug_sfnames
 *(.debug_sfnames)

.debug_aranges
 *(.debug_aranges)

.debug_pubnames
 *(.debug_pubnames)

.debug_info
 *(.debug_info .gnu.linkonce.wi.*)

.debug_abbrev
 *(.debug_abbrev)

.debug_line
 *(.debug_line .debug_line.* .debug_line_end)

.debug_frame
 *(.debug_frame)

.debug_str
 *(.debug_str)

.debug_loc
 *(.debug_loc)

.debug_macinfo
 *(.debug_macinfo)

.debug_weaknames
 *(.debug_weaknames)

.debug_funcnames
 *(.debug_funcnames)

.debug_typenames
 *(.debug_typenames)

.debug_varnames
 *(.debug_varnames)

.debug_pubtypes
 *(.debug_pubtypes)

.debug_ranges
 *(.debug_ranges)

.debug_macro
 *(.debug_macro)

.debug_addr
 *(.debug_addr)

.gnu.attributes
 *(.gnu.attributes)

/DISCARD/
 *(.note.GNU-stack)
 *(.gnu_debuglink)
 *(.gnu.lto_*)
OUTPUT(kernel.bin elf32-i386)
